venv\Scripts\python.exe
 : Creating test 
database for alias 
'default' ('file:memory
db_default?mode=memory&
cache=shared')...
At line:1 char:1
+ venv\Scripts\python.e
xe manage.py test 
account --verbosity=2 
> test_o ...
+ ~~~~~~~~~~~~~~~~~~~~~
~~~~~~~~~~~~~~~~~~~~~~~
~~~~~~~~~~~~~~~~~~~~~~~
~~
    + CategoryInfo     
         : NotSpecifi  
  ed: (Creating test   
  d...che=shared').    
..:String) [], Rem    
oteException
    + FullyQualifiedEr 
   rorId : NativeComm  
  andError
 

Found 8 test(s).
Operations to perform:
  Synchronize unmigrated apps: crispy_bootstrap5, crispy_forms, humanize, messages, staticfiles
  Apply all migrations: account, admin, auth, category, contact_us, contenttypes, core, employee, job_seeker, jobs, location, sessions
Synchronizing apps without migrations:
  Creating tables...
    Running deferred SQL...
Running migrations:
  Applying contenttypes.0001_initial... OK
  Applying auth.0001_initial... OK
  Applying account.0001_initial... OK
  Applying admin.0001_initial... OK
  Applying admin.0002_logentry_remove_auto_add... OK
  Applying admin.0003_logentry_add_action_flag_choices... OK
  Applying contenttypes.0002_remove_content_type_name... OK
  Applying auth.0002_alter_permission_name_max_length... OK
  Applying auth.0003_alter_user_email_max_length... OK
  Applying auth.0004_alter_user_username_opts... OK
  Applying auth.0005_alter_user_last_login_null... OK
  Applying auth.0006_require_contenttypes_0002... OK
  Applying auth.0007_alter_validators_add_error_messages... OK
  Applying auth.0008_alter_user_username_max_length... OK
  Applying auth.0009_alter_user_last_name_max_length... OK
  Applying auth.0010_alter_group_name_max_length... OK
  Applying auth.0011_update_proxy_permissions... OK
  Applying auth.0012_alter_user_first_name_max_length... OK
  Applying category.0001_initial... OK
  Applying category.0002_category_image... OK
  Applying contact_us.0001_initial... OK
  Applying contact_us.0002_rename_problem_contact_us_message... OK
  Applying core.0001_initial... OK
  Applying location.0001_initial... OK
  Applying employee.0001_initial... OK
  Applying employee.0002_remove_employee_location... OK
  Applying employee.0003_remove_employee_image_remove_employee_industry... OK
  Applying employee.0004_alter_employee_user... OK
  Applying employee.0005_employee_about_employee_company_logo_and_more... OK
  Applying job_seeker.0001_initial... OK
  Applying job_seeker.0002_job_seeker_birth_date_job_seeker_city_and_more... OK
  Applying job_seeker.0003_alter_job_seeker_country... OK
  Applying job_seeker.0004_remove_job_seeker_country_job_seeker_country... OK
  Applying job_seeker.0005_remove_job_seeker_birth_date_remove_job_seeker_city_and_more... OK
  Applying job_seeker.0006_alter_job_seeker_resume... OK
  Applying job_seeker.0007_alter_job_seeker_resume... OK
  Applying job_seeker.0008_remove_job_seeker_bio_remove_job_seeker_resume_and_more... OK
  Applying job_seeker.0009_alter_job_seeker_skills... OK
  Applying job_seeker.0010_skill... OK
  Applying job_seeker.0011_remove_job_seeker_skills_job_seeker_skills... OK
  Applying job_seeker.0012_remove_job_seeker_careerobjective_and_more... OK
  Applying job_seeker.0013_job_seeker_profile_picture... OK
  Applying job_seeker.0014_job_seeker_careerobjective_job_seeker_contact_and_more... OK
  Applying jobs.0001_initial... OK
  Applying jobs.0002_jobs_industry_jobs_location_alter_jobs_requirements... OK
  Applying jobs.0003_alter_jobs_posted_by... OK
  Applying jobs.0004_jobs_job_type... OK
  Applying jobs.0005_jobs_benifits_jobs_post_jobs_responsibities_and_more... OK
  Applying jobs.0006_alter_jobapplication_resume... OK
  Applying jobs.0007_remove_jobapplication_resume_and_more... OK
  Applying jobs.0008_remove_jobapplication_skills_jobapplication_skills... OK
  Applying jobs.0009_alter_jobs_posted_by... OK
  Applying sessions.0001_initial... OK
System check identified no issues (0 silenced).
test_candidate_registra
tion_creates_user_and_p
rofile (account.tests.C
andidateRegistrationTes
t.test_candidate_regist
ration_creates_user_and
_profile) ... ok
test_employer_registrat
ion_creates_user_employ
ee_and_profile (account
.tests.EmployerRegistra
tionTest.test_employer_
registration_creates_us
er_employee_and_profile
) ... ok
test_candidate_login_re
directs_to_home (accoun
t.tests.LoginRedirectTe
st.test_candidate_login
_redirects_to_home) 
... ok
test_employer_login_red
irects_to_jobdetails (a
ccount.tests.LoginRedir
ectTest.test_employer_l
ogin_redirects_to_jobde
tails) ... ok
test_candidate_properti
es (account.tests.UserP
rofileModelTest.test_ca
ndidate_properties) 
... ok
test_default_role_is_ca
ndidate (account.tests.
UserProfileModelTest.te
st_default_role_is_cand
idate) ... ok
test_deleting_user_dele
tes_profile (account.te
sts.UserProfileModelTes
t.test_deleting_user_de
letes_profile) ... ok
test_employer_propertie
s (account.tests.UserPr
ofileModelTest.test_emp
loyer_properties) ... 
ok

-----------------------
-----------------------
-----------------------
-
Ran 8 tests in 2.556s

OK
Destroying test 
database for alias 
'default' ('file:memory
db_default?mode=memory&
cache=shared')...

